%!Adobe-FontList 1.22
%Locale:0x409

%BeginFont
Handler:DirectoryHandler
FontType:TrueType
FontName:Cabin-Bold
FamilyName:Cabin
StyleName:Bold
FullName:Cabin Bold
MenuName:Cabin
StyleBits:2
WritingScript:Roman
OutlineFileName:C:\temp\ResumeTemplate FolderJB\Document fonts\Cabin-Bold.ttf
DataFormat:sfntData
hasSVG:no
VariableFontType:NonVariableFont
FileLength:76216
FileModTime:1619020284
WeightClass:700
WidthClass:5
AngleClass:0
NameArray:0,Win,1,Cabin
%EndFont

%BeginFont
Handler:DirectoryHandler
FontType:TrueType
FontName:Cabin-Regular
FamilyName:Cabin
StyleName:Regular
FullName:Cabin Regular
MenuName:Cabin
StyleBits:0
WritingScript:Roman
OutlineFileName:C:\temp\ResumeTemplate FolderJB\Document fonts\Cabin-VariableFont_wdth,wght.ttf
DataFormat:sfntData
hasSVG:no
VariableFontType:TrueTypeVariableFont
FileLength:153656
FileModTime:1619020284
WeightClass:400
WidthClass:5
AngleClass:0
NameArray:0,Win,1,Cabin
%EndFont

%BeginFont
Handler:DirectoryHandler
FontType:TrueType
FontName:Jost-Bold
FamilyName:Jost
StyleName:Bold
FullName:Jost Bold
MenuName:Jost
StyleBits:2
WritingScript:Roman
OutlineFileName:C:\temp\ResumeTemplate FolderJB\Document fonts\Jost-Bold.ttf
DataFormat:sfntData
hasSVG:no
VariableFontType:NonVariableFont
FileLength:61120
FileModTime:1619020277
WeightClass:700
WidthClass:5
AngleClass:0
NameArray:0,Win,1,Jost
%EndFont

%BeginFont
Handler:DirectoryHandler
FontType:TrueType
FontName:Jost-Medium
FamilyName:Jost
StyleName:Medium
FullName:Jost Medium
MenuName:Jost Medium
StyleBits:0
WritingScript:Roman
OutlineFileName:C:\temp\ResumeTemplate FolderJB\Document fonts\Jost-Medium.ttf
DataFormat:sfntData
hasSVG:no
VariableFontType:NonVariableFont
FileLength:61176
FileModTime:1619020277
WeightClass:500
WidthClass:5
AngleClass:0
NameArray:0,Win,1,Jost Medium
NameArray:0,Win,16,Jost
%EndFont

%BeginFont
Handler:DirectoryHandler
FontType:TrueType
FontName:Jost-Regular
FamilyName:Jost
StyleName:Regular
FullName:Jost Regular
MenuName:Jost
StyleBits:0
WritingScript:Roman
OutlineFileName:C:\temp\ResumeTemplate FolderJB\Document fonts\Jost-VariableFont_wght.ttf
DataFormat:sfntData
hasSVG:no
VariableFontType:TrueTypeVariableFont
FileLength:134896
FileModTime:1619020278
WeightClass:400
WidthClass:5
AngleClass:0
NameArray:0,Win,1,Jost
%EndFont

%BeginFont
Handler:DirectoryHandler
FontType:Type1
FontName:MinionPro-Regular
FamilyName:Minion Pro
StyleName:Regular
FullName:Minion Pro
MenuName:Minion Pro
StyleBits:0
WritingScript:Roman
OutlineFileName:C:\temp\ResumeTemplate FolderJB\Document fonts\MinionPro-Regular.otf
DataFormat:sfntData
UsesStandardEncoding:yes
isCFF:yes
hasSVG:no
VariableFontType:NonVariableFont
FileLength:217280
FileModTime:1619020200
WeightClass:400
WidthClass:5
AngleClass:0
DesignSize:110
NameArray:0,Mac,4,Minion Pro
NameArray:0,Win,1,Minion Pro
%EndFont

